// Jest Snapshot v1, https://goo.gl/fbAQLP

exports[`Pruebas en <FirstApp /> Debe hacer match con el snapshot 1`] = `
<div>
  <h1
    data-testid="test-title"
  >
    Hola, soy Jorge Luis Paredes
  </h1>
  <p>
    Soy un subtitulo
  </p>
  <p>
    Soy un subtitulo
  </p>
  <p>
    Jorge Luis Paredes
  </p>
</div>
`;
